// Jest Snapshot v1, https://goo.gl/fbAQLP

exports[`ClearRefinements should render <ClearRefinements /> 1`] = `
<a
  className="custom-link custom-link-disabled"
  href="#all-cleared!"
  onClick={[Function]}
>
  <div
    dangerouslySetInnerHTML={
      Object {
        "__html": "",
      }
    }
  />
</a>
`;
